// Jest Snapshot v1, https://goo.gl/fbAQLP

exports[`TabIcon snapshot match snapshot 1`] = `
<Text
  allowFontScaling={false}
  selectable={false}
  style={
    [
      {
        "color": "#606c38",
        "fontSize": 34,
      },
      undefined,
      {
        "fontFamily": "Material Icons",
        "fontStyle": "normal",
        "fontWeight": "normal",
      },
      {},
    ]
  }
/>
`;
